// Jest Snapshot v1, https://goo.gl/fbAQLP

exports[`mahjong scoring all green pure shifted pungs 1`] = `
"127

ALL_GREEN
PURE_SHIFTED_PUNGS (m_pung b2, m_pung b3, m_pung b4)
HALF_FLUSH
ALL_PUNGS
DRAGON_PUNG (c_pung Dg)
SELF_DRAWN

m_pung b2
m_pung b3
m_pung b4
c_pung Dg
c_pair b6"
`;

exports[`mahjong scoring all green seven pairs 1`] = `
"124

ALL_GREEN
SEVEN_PAIRS
HALF_FLUSH
FULLY_CONCEALED_HAND
TILE_HOG (b8)

c_pair b2
c_pair b3
c_pair b4
c_pair b6
c_pair b8
c_pair b8
c_pair Dg"
`;

exports[`mahjong scoring all green triple chow 1`] = `
"144

ALL_GREEN
FULL_FLUSH
PURE_TRIPLE_CHOW (m_chow b3, m_chow b3, m_chow b3)
MELDED_HAND
ALL_SIMPLES

m_chow b3
m_chow b3
m_chow b3
m_pung b8
m_pair b6"
`;

exports[`mahjong scoring basic scoring basic mahjong 1`] = `
"221

BIG_FOUR_WINDS (c_pung We, c_pung Ws, c_pung Ww, c_pung Wn)
ALL_HONORS
FOUR_CONCEALED_PUNGS (c_pung We, c_pung Ws, c_pung Ww, c_pung Wn)
FULLY_CONCEALED_HAND
SINGLE_WAIT

c_pung We
c_pung Ws
c_pung Ww
c_pung Wn
c_pair Dr"
`;

exports[`mahjong scoring big four winds half flush 1`] = `
"97

BIG_FOUR_WINDS (m_pung We, m_pung Ws, c_pung Ww, c_pung Wn)
HALF_FLUSH
TWO_CONCEALED_PUNGS (c_pung Ww, c_pung Wn)
SELF_DRAWN

m_pung We
m_pung Ws
c_pung Ww
c_pung Wn
c_pair c6"
`;

exports[`mahjong scoring big four winds honors 1`] = `
"171

BIG_FOUR_WINDS (c_kong We, m_pung Ws, c_pung Ww, c_pung Wn)
ALL_HONORS
THREE_CONCEALED_PUNGS (c_kong We, c_pung Ww, c_pung Wn)
CONCEALED_KONG (c_kong We)
SELF_DRAWN

c_kong We
m_pung Ws
c_pung Ww
c_pung Wn
c_pair Dr"
`;

exports[`mahjong scoring big four winds terminals 1`] = `
"144

BIG_FOUR_WINDS (c_pung We, c_pung Ws, c_pung Ww, m_pung Wn)
ALL_TERMINALS_AND_HONORS
THREE_CONCEALED_PUNGS (c_pung We, c_pung Ws, c_pung Ww)
HALF_FLUSH
CONCEALED_HAND

c_pung We
c_pung Ws
c_pung Ww
m_pung Wn
c_pair b9"
`;

exports[`mahjong scoring big three dragons half flush 1`] = `
"95

BIG_THREE_DRAGONS (m_pung Dr, m_pung Dg, m_pung Dw)
HALF_FLUSH
SELF_DRAWN

m_pung Dr
m_pung Dg
m_pung Dw
c_chow c6
c_pair c5"
`;

exports[`mahjong scoring big three dragons honors 1`] = `
"221

BIG_THREE_DRAGONS (c_pung Dg, c_pung Dr, c_pung Dw)
ALL_HONORS
FOUR_CONCEALED_PUNGS (c_pung Ww, c_pung Dg, c_pung Dr, c_pung Dw)
PREVALENT_WIND (c_pung Ww)
SEAT_WIND (c_pung Ww)
SINGLE_WAIT

c_pung Ww
c_pung Dg
c_pung Dr
c_pung Dw
m_pair Wn"
`;

exports[`mahjong scoring big three dragons terminals 1`] = `
"127

BIG_THREE_DRAGONS (m_pung Dr, m_pung Dg, m_pung Dw)
ALL_TERMINALS_AND_HONORS
MELDED_HAND
ONE_VOIDED_SUIT

m_pung Dr
m_pung Dg
m_pung Dw
m_pung d9
m_pair b1"
`;

exports[`mahjong scoring nine gates edge 1`] = `
"110

NINE_GATES
PURE_STRAIGHT (c_chow c2, c_chow c5, c_chow c8)
FULLY_CONCEALED_HAND
TILE_HOG (c9)

c_pung c9
c_chow c2
c_chow c5
c_chow c8
c_pair c1"
`;

exports[`mahjong scoring nine gates middle 1`] = `
"94

NINE_GATES
FULLY_CONCEALED_HAND
TWO_CONCEALED_PUNGS (c_pung c1, c_pung c9)

c_pung c1
c_pung c9
c_chow c3
c_chow c7
c_pair c5"
`;
